{"timeslice":30,"cpu_used":8.333333333333334,"mem_used":10,"num_instances":2}
